# EX-01
```c
I (280) main_task: Started on CPU0
I (290) main_task: Calling app_main()
I (290) DUAL_CORE_EX1: Starting Exercise 1: Dual-Core Task Distribution
I (300) DUAL_CORE_EX1: Core 0 compute task: iteration 1
I (300) DUAL_CORE_EX1: Inter-core message: Core 0 -> Core 1
I (300) DUAL_CORE_EX1: CPU usage - Core0: 75%, Core1: 45%
I (300) DUAL_CORE_EX1: Core 1 received data: 1
I (300) main_task: Returned from app_main()
I (1310) DUAL_CORE_EX1: Core 0 compute task: iteration 2
I (1310) DUAL_CORE_EX1: Inter-core message: Core 0 -> Core 1
I (1310) DUAL_CORE_EX1: Core 1 received data: 2
I (2310) DUAL_CORE_EX1: CPU usage - Core0: 75%, Core1: 45%
I (2320) DUAL_CORE_EX1: Core 0 compute task: iteration 3
I (2320) DUAL_CORE_EX1: Inter-core message: Core 0 -> Core 1
I (2320) DUAL_CORE_EX1: Core 1 received data: 3
I (3330) DUAL_CORE_EX1: Core 0 compute task: iteration 4
I (3330) DUAL_CORE_EX1: Inter-core message: Core 0 -> Core 1
I (3330) DUAL_CORE_EX1: Core 1 received data: 4
I (4310) DUAL_CORE_EX1: CPU usage - Core0: 75%, Core1: 45%
I (4340) DUAL_CORE_EX1: Core 0 compute task: iteration 5
I (4340) DUAL_CORE_EX1: Inter-core message: Core 0 -> Core 1
I (4340) DUAL_CORE_EX1: Core 1 received data: 5
I (5350) DUAL_CORE_EX1: Core 0 compute task: iteration 6
I (5350) DUAL_CORE_EX1: Inter-core message: Core 0 -> Core 1
I (5350) DUAL_CORE_EX1: Core 1 received data: 6
I (6310) DUAL_CORE_EX1: CPU usage - Core0: 75%, Core1: 45%
I (6360) DUAL_CORE_EX1: Core 0 compute task: iteration 7
I (6360) DUAL_CORE_EX1: Inter-core message: Core 0 -> Core 1
I (6360) DUAL_CORE_EX1: Core 1 received data: 7
I (7370) DUAL_CORE_EX1: Core 0 compute task: iteration 8
I (7370) DUAL_CORE_EX1: Inter-core message: Core 0 -> Core 1
I (7370) DUAL_CORE_EX1: Core 1 received data: 8
I (8310) DUAL_CORE_EX1: CPU usage - Core0: 75%, Core1: 45%
I (8380) DUAL_CORE_EX1: Core 0 compute task: iteration 9
I (8380) DUAL_CORE_EX1: Inter-core message: Core 0 -> Core 1
I (8380) DUAL_CORE_EX1: Core 1 received data: 9
I (9390) DUAL_CORE_EX1: Core 0 compute task: iteration 10
I (9390) DUAL_CORE_EX1: Inter-core message: Core 0 -> Core 1
I (9390) DUAL_CORE_EX1: Core 1 received data: 10
I (10310) DUAL_CORE_EX1: CPU usage - Core0: 75%, Core1: 45%
I (10400) DUAL_CORE_EX1: Core 0 compute task: iteration 11
I (10400) DUAL_CORE_EX1: Inter-core message: Core 0 -> Core 1
I (10400) DUAL_CORE_EX1: Core 1 received data: 11
I (11410) DUAL_CORE_EX1: Core 0 compute task: iteration 12
I (11410) DUAL_CORE_EX1: Inter-core message: Core 0 -> Core 1
I (11410) DUAL_CORE_EX1: Core 1 received data: 12
I (12310) DUAL_CORE_EX1: CPU usage - Core0: 75%, Core1: 45%
I (12420) DUAL_CORE_EX1: Core 0 compute task: iteration 13
I (12420) DUAL_CORE_EX1: Inter-core message: Core 0 -> Core 1
I (12420) DUAL_CORE_EX1: Core 1 received data: 13
I (13430) DUAL_CORE_EX1: Core 0 compute task: iteration 14
I (13430) DUAL_CORE_EX1: Inter-core message: Core 0 -> Core 1
I (13430) DUAL_CORE_EX1: Core 1 received data: 14
I (14310) DUAL_CORE_EX1: CPU usage - Core0: 75%, Core1: 45%
I (14440) DUAL_CORE_EX1: Core 0 compute task: iteration 15
I (14440) DUAL_CORE_EX1: Inter-core message: Core 0 -> Core 1
I (14440) DUAL_CORE_EX1: Core 1 received data: 15
I (15450) DUAL_CORE_EX1: Core 0 compute task: iteration 16
I (15450) DUAL_CORE_EX1: Inter-core message: Core 0 -> Core 1
I (15450) DUAL_CORE_EX1: Core 1 received data: 16
I (16310) DUAL_CORE_EX1: CPU usage - Core0: 75%, Core1: 45%
I (16460) DUAL_CORE_EX1: Core 0 compute task: iteration 17
I (16460) DUAL_CORE_EX1: Inter-core message: Core 0 -> Core 1
I (16460) DUAL_CORE_EX1: Core 1 received data: 17
I (17470) DUAL_CORE_EX1: Core 0 compute task: iteration 18
I (17470) DUAL_CORE_EX1: Inter-core message: Core 0 -> Core 1
I (17470) DUAL_CORE_EX1: Core 1 received data: 18
I (18310) DUAL_CORE_EX1: CPU usage - Core0: 75%, Core1: 45%
I (18480) DUAL_CORE_EX1: Core 0 compute task: iteration 19
I (18480) DUAL_CORE_EX1: Inter-core message: Core 0 -> Core 1
I (18480) DUAL_CORE_EX1: Core 1 received data: 19
I (19490) DUAL_CORE_EX1: Core 0 compute task: iteration 20
I (19490) DUAL_CORE_EX1: Inter-core message: Core 0 -> Core 1
I (19490) DUAL_CORE_EX1: Core 1 received data: 20
I (20310) DUAL_CORE_EX1: CPU usage - Core0: 75%, Core1: 45%
I (20500) DUAL_CORE_EX1: Core 0 compute task: iteration 21
I (20500) DUAL_CORE_EX1: Inter-core message: Core 0 -> Core 1
I (20500) DUAL_CORE_EX1: Core 1 received data: 21
I (21510) DUAL_CORE_EX1: Core 0 compute task: iteration 22
I (21510) DUAL_CORE_EX1: Inter-core message: Core 0 -> Core 1
I (21510) DUAL_CORE_EX1: Core 1 received data: 22
I (22310) DUAL_CORE_EX1: CPU usage - Core0: 75%, Core1: 45%
I (22520) DUAL_CORE_EX1: Core 0 compute task: iteration 23
I (22520) DUAL_CORE_EX1: Inter-core message: Core 0 -> Core 1
I (22520) DUAL_CORE_EX1: Core 1 received data: 23
I (23530) DUAL_CORE_EX1: Core 0 compute task: iteration 24
I (23530) DUAL_CORE_EX1: Inter-core message: Core 0 -> Core 1
I (23530) DUAL_CORE_EX1: Core 1 received data: 24
I (24310) DUAL_CORE_EX1: CPU usage - Core0: 75%, Core1: 45%
I (24540) DUAL_CORE_EX1: Core 0 compute task: iteration 25
I (24540) DUAL_CORE_EX1: Inter-core message: Core 0 -> Core 1
I (24540) DUAL_CORE_EX1: Core 1 received data: 25
I (25550) DUAL_CORE_EX1: Core 0 compute task: iteration 26
I (25550) DUAL_CORE_EX1: Inter-core message: Core 0 -> Core 1
I (25550) DUAL_CORE_EX1: Core 1 received data: 26
I (26310) DUAL_CORE_EX1: CPU usage - Core0: 75%, Core1: 45%
I (26560) DUAL_CORE_EX1: Core 0 compute task: iteration 27
I (26560) DUAL_CORE_EX1: Inter-core message: Core 0 -> Core 1
I (26560) DUAL_CORE_EX1: Core 1 received data: 27
I (27570) DUAL_CORE_EX1: Core 0 compute task: iteration 28
I (27570) DUAL_CORE_EX1: Inter-core message: Core 0 -> Core 1
I (27570) DUAL_CORE_EX1: Core 1 received data: 28
I (28310) DUAL_CORE_EX1: CPU usage - Core0: 75%, Core1: 45%
I (28580) DUAL_CORE_EX1: Core 0 compute task: iteration 29
I (28580) DUAL_CORE_EX1: Inter-core message: Core 0 -> Core 1
I (28580) DUAL_CORE_EX1: Core 1 received data: 29
I (29590) DUAL_CORE_EX1: Core 0 compute task: iteration 30
I (29590) DUAL_CORE_EX1: Inter-core message: Core 0 -> Core 1
I (29590) DUAL_CORE_EX1: Core 1 received data: 30
I (30310) DUAL_CORE_EX1: CPU usage - Core0: 75%, Core1: 45%
I (30600) DUAL_CORE_EX1: Core 0 compute task: iteration 31
I (30600) DUAL_CORE_EX1: Inter-core message: Core 0 -> Core 1
I (30600) DUAL_CORE_EX1: Core 1 received data: 31
I (31610) DUAL_CORE_EX1: Core 0 compute task: iteration 32
I (31610) DUAL_CORE_EX1: Inter-core message: Core 0 -> Core 1
I (31610) DUAL_CORE_EX1: Core 1 received data: 32
```
# EX-02
```c
I (29) boot: ESP-IDF v5.5.1 2nd stage bootloader
I (29) boot: compile time Oct 30 2025 19:39:52
I (29) boot: Multicore bootloader
I (31) boot: chip revision: v3.1
I (33) boot.esp32: SPI Speed      : 40MHz
I (37) boot.esp32: SPI Mode       : DIO
I (41) boot.esp32: SPI Flash Size : 2MB
I (44) boot: Enabling RNG early entropy source...
I (49) boot: Partition Table:
I (51) boot: ## Label            Usage          Type ST Offset   Length
I (58) boot:  0 nvs              WiFi data        01 02 00009000 00006000
I (64) boot:  1 phy_init         RF data          01 01 0000f000 00001000
I (71) boot:  2 factory          factory app      00 00 00010000 00100000
I (77) boot: End of partition table
I (80) esp_image: segment 0: paddr=00010020 vaddr=3f400020 size=09ba8h ( 39848) map
I (102) esp_image: segment 1: paddr=00019bd0 vaddr=3ffb0000 size=023d8h (  9176) load
I (105) esp_image: segment 2: paddr=0001bfb0 vaddr=40080000 size=04068h ( 16488) load
I (112) esp_image: segment 3: paddr=00020020 vaddr=400d0020 size=1367ch ( 79484) map
I (140) esp_image: segment 4: paddr=000336a4 vaddr=40084068 size=08ff4h ( 36852) load
I (155) esp_image: segment 5: paddr=0003c6a0 vaddr=50000000 size=00020h (    32) load
I (161) boot: Loaded app from partition at offset 0x10000
I (162) boot: Disabling RNG early entropy source...
I (173) cpu_start: Multicore app
I (181) cpu_start: Pro cpu start user code
I (181) cpu_start: cpu freq: 160000000 Hz
I (181) app_init: Application information:
I (181) app_init: Project name:     Core-Pinned_Real-Time_System
I (187) app_init: App version:      e04c60ï¿½ets Jul 29 2019 12:21:46

rst:0x1 (POWERON_RESET),boot:0x12 (SPI_FAST_FLASH_BOOT)
configsip: 0, SPIWP:0xee
clk_drv:0x00,q_drv:0x00,d_drv:0x00,cs0_drv:0x00,hd_drv:0x00,wp_drv:0x00
mode:DIO, clock div:2
load:0x3fff0030,len:6380
ho 0 tail 12 room 4
load:0x40078000,len:15916
load:0x40080400,len:3860
--- 0x40080400: _invalid_pc_placeholder at C:/Users/09677/esp/v5.5.1/esp-idf/components/xtensa/xtensa_vectors.S:2235
entry 0x40080638
--- 0x40080638: call_start_cpu0 at C:/Users/09677/esp/v5.5.1/esp-idf/components/bootloader/subproject/main/bootloader_start.c:25
I (29) boot: ESP-IDF v5.5.1 2nd stage bootloader
I (29) boot: compile time Oct 30 2025 19:39:52
I (29) boot: Multicore bootloader
I (31) boot: chip revision: v3.1
I (33) boot.esp32: SPI Speed      : 40MHz
I (37) boot.esp32: SPI Mode       : DIO
I (41) boot.esp32: SPI Flash Size : 2MB
I (44) boot: Enabling RNG early entropy source...
I (49) boot: Partition Table:
I (51) boot: ## Label            Usage          Type ST Offset   Length
I (58) boot:  0 nvs              WiFi data        01 02 00009000 00006000
I (64) boot:  1 phy_init         RF data          01 01 0000f000 00001000
I (71) boot:  2 factory          factory app      00 00 00010000 00100000
I (77) boot: End of partition table
I (81) esp_image: segment 0: paddr=00010020 vaddr=3f400020 size=09ba8h ( 39848) map
I (102) esp_image: segment 1: paddr=00019bd0 vaddr=3ffb0000 size=023d8h (  9176) load
I (105) esp_image: segment 2: paddr=0001bfb0 vaddr=40080000 size=04068h ( 16488) load
I (112) esp_image: segment 3: paddr=00020020 vaddr=400d0020 size=1367ch ( 79484) map
I (140) esp_image: segment 4: paddr=000336a4 vaddr=40084068 size=08ff4h ( 36852) load
I (155) esp_image: segment 5: paddr=0003c6a0 vaddr=50000000 size=00020h (    32) load
I (162) boot: Loaded app from partition at offset 0x10000
I (162) boot: Disabling RNG early entropy source...
I (173) cpu_start: Multicore app
I (181) cpu_start: Pro cpu start user code
I (181) cpu_start: cpu freq: 160000000 Hz
I (181) app_init: Application information:
I (181) app_init: Project name:     Core-Pinned_Real-Time_System
I (187) app_init: App version:      e04c608
I (191) app_init: Compile time:     Oct 30 2025 19:38:18
I (196) app_init: ELF file SHA256:  f4a883203...
I (200) app_init: ESP-IDF:          v5.5.1
I (204) efuse_init: Min chip rev:     v0.0
I (208) efuse_init: Max chip rev:     v3.99
I (212) efuse_init: Chip rev:         v3.1
I (216) heap_init: Initializing. RAM available for dynamic allocation:
I (222) heap_init: At 3FFAE6E0 len 00001920 (6 KiB): DRAM
I (227) heap_init: At 3FFB2CA0 len 0002D360 (180 KiB): DRAM
I (233) heap_init: At 3FFE0440 len 00003AE0 (14 KiB): D/IRAM
I (238) heap_init: At 3FFE4350 len 0001BCB0 (111 KiB): D/IRAM
I (243) heap_init: At 4008D05C len 00012FA4 (75 KiB): IRAM
W (250) spi_flash: Detected boya flash chip but using generic driver. For optimal functionality, enable `SPI_FLASH_SUPPORT_BOYA_CHIP` in menuconfig
I (262) spi_flash: detected chip: generic
I (265) spi_flash: flash io: dio
W (268) spi_flash: Detected size(4096k) larger than the size in the binary image header(2048k). Using the size in the binary image header.
I (281) main_task: Started on CPU0
I (291) main_task: Calling app_main()
I (291) REALTIME_EX2: Starting Exercise 2: Core-Pinned Real-Time System (Full Version)
```
# Ex-03
```c
I (29) boot: ESP-IDF v5.5.1 2nd stage bootloader
I (29) boot: compile time Oct 30 2025 19:49:11
I (29) boot: Multicore bootloader
I (31) boot: chip revision: v3.1
I (33) boot.esp32: SPI Speed      : 40MHz
I (37) boot.esp32: SPI Mode       : DIO
I (41) boot.esp32: SPI Flash Size : 2MB
I (44) boot: Enabling RNG early entropy source...
I (49) boot: Partition Table:
I (51) boot: ## Label            Usage          Type ST Offset   Length
I (58) boot:  0 nvs              WiFi data        01 02 00009000 00006000
I (64) boot:  1 phy_init         RF data          01 01 0000f000 00001000
I (71) boot:  2 factory          factory app      00 00 00010000 00100000
I (77) boot: End of partition table
I (81) esp_image: segment 0: paddr=00010020 vaddr=3f400020 size=1884ch (100428) map
I (122) esp_image: segment 1: paddr=00028874 vaddr=3ffb0000 size=03f08h ( 16136) load
I (129) esp_image: segment 2: paddr=0002c784 vaddr=40080000 size=03894h ( 14484) load
I (134) esp_image: segment 3: paddr=00030020 vaddr=400d0020 size=82360h (533344) map
I (317) esp_image: segment 4: paddr=000b2388 vaddr=40083894 size=146f4h ( 83700) load
I (350) esp_image: segment 5: paddr=000c6a84 vaddr=50000000 size=00020h (    32) load
I (362) boot: Loaded app from partition at offset 0x10000
I (362) boot: Disabling RNG early entropy source...
I (372) cpu_start: Multicore app
I (381) cpu_start: Pro cpu start user code
I (381) cpu_start: cpu freq: 160000000 Hz
I (381) app_init: Application information:
I (381) app_init: Project name:     Peripheral_Integration
I (386) app_init: App version:      e04c608
I (390) app_init: Compile time:     Oct 30 2025 19:47:38
I (395) app_init: ELF file SHA256:  e788cba1f...
I (399) app_init: ESP-IDF:          v5.5.1
I (403) efuse_init: Min chip rev:     v0.0
I (407) efuse_init: Max chip rev:     v3.99 
I (411) efuse_init: Chip rev:         v3.1
I (415) heap_init: Initializing. RAM available for dynamic allocation:
I (421) heap_init: At 3FFAE6E0 len 00001920 (6 KiB): DRAM
I (426) heap_init: At 3FFB7FB0 len 00028050 (160 KiB): DRAM
I (431) heap_init: At 3FFE0440 len 00003AE0 (14 KiB): D/IRAM
I (437) heap_init: At 3FFE4350 len 0001BCB0 (111 KiB): D/IRAM
I (442) heap_init: At 40097F88 len 00008078 (32 KiB): IRAM
```